#T 1000000000.000000000
#STAT
cpu  100000 500 40000 800000 20000 0 3000 0 0 0
cpu0 25000 125 10000 200000 5000 0 750 0 0 0
ctxt 123456
btime 1700000000
processes 9999
procs_running 2
procs_blocked 1
#DISK
   8       0 sda 10000 0 800000 50000 90000 0 6400000 900000 5 60000 950000 0 0 0 0
   8       1 sda1 9000 0 700000 45000 80000 0 6000000 800000 5 55000 850000 0 0 0 0
 253       0 dm-0 5000 0 400000 20000 40000 0 3200000 500000 0 30000 520000 0 0 0 0
 253       2 dm-2 100 0 8000 50 200 0 16000 100 0 100 150 0 0 0 0
#NET
Inter-|   Receive                                                |  Transmit
 face |bytes    packets errs drop fifo frame compressed multicast|bytes    packets errs drop fifo colls carrier compressed
ens192: 50000000 40000 0 0 0 0 0 0 20000000 30000 0 0 0 0 0 0
    lo: 999 9 0 0 0 0 0 0 999 9 0 0 0 0 0 0
#VM
pswpin 100
pswpout 200
#MEM
MemTotal:       16384000 kB
MemAvailable:    2150400 kB
Buffers:          102400 kB
Cached:          8388608 kB
Dirty:            122880 kB
SwapTotal:       4194304 kB
SwapFree:        4194304 kB
#LOAD
4.20 3.10 2.00 1/234 12345
